// Jest Snapshot v1, https://goo.gl/fbAQLP

exports[`<App /> Tests Should render <App/> correctly 1`] = `
<Provider
  store={
    Object {
      "@@observable": [Function],
      "dispatch": [Function],
      "getState": [Function],
      "replaceReducer": [Function],
      "subscribe": [Function],
    }
  }
>
  <div>
    <Router />
  </div>
</Provider>
`;
