// Jest Snapshot v1, https://goo.gl/fbAQLP

exports[`<FacebookButton /> should math to snapshot 1`] = `
<Provider
  store={
    Object {
      "@@observable": [Function],
      "dispatch": [Function],
      "getState": [Function],
      "replaceReducer": [Function],
      "subscribe": [Function],
    }
  }
>
  <FacebookButton>
    <Toast
      appendTo="self"
      baseZIndex={0}
      className={null}
      id={null}
      onClick={null}
      onHide={null}
      onRemove={null}
      onShow={null}
      position="top-right"
      style={null}
      transitionOptions={null}
    >
      <Portal
        appendTo="self"
        element={
          <div
            className="p-toast p-component p-toast-top-right"
            id={null}
            style={null}
          >
            <TransitionGroup
              childFactory={[Function]}
              component="div"
            />
          </div>
        }
        onMounted={null}
        onUnmounted={null}
        visible={false}
      >
        <div
          className="p-toast p-component p-toast-top-right"
          id={null}
          style={null}
        >
          <TransitionGroup
            childFactory={[Function]}
            component="div"
          >
            <div />
          </TransitionGroup>
        </div>
      </Portal>
    </Toast>
    <t
      appId="326264092782043"
      authType=""
      callback={[Function]}
      cookie={false}
      disableMobileRedirect={false}
      fields="name"
      isMobile={false}
      language="en_US"
      onFailure={null}
      redirectUri="http://localhost/"
      render={[Function]}
      responseType="code"
      returnScopes={false}
      scope="public_profile,email"
      state="facebookdirect"
      version="2.3"
      xfbml={false}
    >
      <SlipButton
        color="indigo"
        icon="facebook"
        label="Facebook"
        loading={false}
        onClick={[Function]}
      >
        <div
          className="container-slip "
        >
          <ForwardRef
            className="button-slip indigo p-0 mt-1 w-full"
            loading={false}
            onClick={[Function]}
          >
            <ButtonComponent
              badge={null}
              badgeClassName={null}
              className="button-slip indigo p-0 mt-1 w-full"
              disabled={false}
              forwardRef={null}
              icon={null}
              iconPos="left"
              label={null}
              loading={false}
              loadingIcon="pi pi-spinner pi-spin"
              onClick={[Function]}
              tooltip={null}
              tooltipOptions={null}
            >
              <button
                className="p-button p-component button-slip indigo p-0 mt-1 w-full"
                disabled={false}
                onClick={[Function]}
              >
                <i
                  className="pi pi-facebook px-2"
                />
                <span
                  className="px-3"
                >
                  Facebook
                </span>
                <Ripple />
              </button>
            </ButtonComponent>
          </ForwardRef>
        </div>
      </SlipButton>
    </t>
  </FacebookButton>
</Provider>
`;
